// Jest Snapshot v1, https://goo.gl/fbAQLP

exports[`Cards snapshot 1`] = `
{
  "asFragment": [Function],
  "baseElement": <body>
    <div>
      <div
        class="card"
      >
        <div
          class="card__img-container"
        >
          <img
            alt="BioMio BIO-SOAP"
            class="card__img"
            src="https://www.podrygka.ru//upload/iblock/966/966a27334c6c8e6907571c0b9a0963d1.jpg"
          />
        </div>
        <div
          class="card__info"
        >
          <div
            class="card__type-weight"
          >
            <div
              class="card__weight card__weight_weight"
            />
            <p
              class="card__weight-text"
            >
              90г
            </p>
          </div>
          <h3
            class="card__title"
          >
            BioMio BIO-SOAP
             
            <span>
              Экологичное туалетное мыло. Литсея и бергамот
            </span>
          </h3>
          <div
            class="card__specification-container"
          >
            <p
              class="card__specification"
            >
              Штрихкод: 
              <span>
                4604049097548
              </span>
            </p>
            <p
              class="card__specification"
            >
              Производитель: 
              <span>
                BioMio
              </span>
            </p>
            <p
              class="card__specification"
            >
              Бренд: 
              <span>
                BioMio
              </span>
            </p>
          </div>
          <div
            class="card__price-container"
          >
            <p
              class="card__price"
            >
              50
               ₸
            </p>
            <button
              aria-label="Добавить в корзину"
              class="card__button"
              type="button"
            >
              В корзину
            </button>
          </div>
        </div>
      </div>
    </div>
  </body>,
  "container": <div>
    <div
      class="card"
    >
      <div
        class="card__img-container"
      >
        <img
          alt="BioMio BIO-SOAP"
          class="card__img"
          src="https://www.podrygka.ru//upload/iblock/966/966a27334c6c8e6907571c0b9a0963d1.jpg"
        />
      </div>
      <div
        class="card__info"
      >
        <div
          class="card__type-weight"
        >
          <div
            class="card__weight card__weight_weight"
          />
          <p
            class="card__weight-text"
          >
            90г
          </p>
        </div>
        <h3
          class="card__title"
        >
          BioMio BIO-SOAP
           
          <span>
            Экологичное туалетное мыло. Литсея и бергамот
          </span>
        </h3>
        <div
          class="card__specification-container"
        >
          <p
            class="card__specification"
          >
            Штрихкод: 
            <span>
              4604049097548
            </span>
          </p>
          <p
            class="card__specification"
          >
            Производитель: 
            <span>
              BioMio
            </span>
          </p>
          <p
            class="card__specification"
          >
            Бренд: 
            <span>
              BioMio
            </span>
          </p>
        </div>
        <div
          class="card__price-container"
        >
          <p
            class="card__price"
          >
            50
             ₸
          </p>
          <button
            aria-label="Добавить в корзину"
            class="card__button"
            type="button"
          >
            В корзину
          </button>
        </div>
      </div>
    </div>
  </div>,
  "debug": [Function],
  "findAllByAltText": [Function],
  "findAllByDisplayValue": [Function],
  "findAllByLabelText": [Function],
  "findAllByPlaceholderText": [Function],
  "findAllByRole": [Function],
  "findAllByTestId": [Function],
  "findAllByText": [Function],
  "findAllByTitle": [Function],
  "findByAltText": [Function],
  "findByDisplayValue": [Function],
  "findByLabelText": [Function],
  "findByPlaceholderText": [Function],
  "findByRole": [Function],
  "findByTestId": [Function],
  "findByText": [Function],
  "findByTitle": [Function],
  "getAllByAltText": [Function],
  "getAllByDisplayValue": [Function],
  "getAllByLabelText": [Function],
  "getAllByPlaceholderText": [Function],
  "getAllByRole": [Function],
  "getAllByTestId": [Function],
  "getAllByText": [Function],
  "getAllByTitle": [Function],
  "getByAltText": [Function],
  "getByDisplayValue": [Function],
  "getByLabelText": [Function],
  "getByPlaceholderText": [Function],
  "getByRole": [Function],
  "getByTestId": [Function],
  "getByText": [Function],
  "getByTitle": [Function],
  "queryAllByAltText": [Function],
  "queryAllByDisplayValue": [Function],
  "queryAllByLabelText": [Function],
  "queryAllByPlaceholderText": [Function],
  "queryAllByRole": [Function],
  "queryAllByTestId": [Function],
  "queryAllByText": [Function],
  "queryAllByTitle": [Function],
  "queryByAltText": [Function],
  "queryByDisplayValue": [Function],
  "queryByLabelText": [Function],
  "queryByPlaceholderText": [Function],
  "queryByRole": [Function],
  "queryByTestId": [Function],
  "queryByText": [Function],
  "queryByTitle": [Function],
  "rerender": [Function],
  "unmount": [Function],
}
`;
